// Jest Snapshot v1, https://goo.gl/fbAQLP

exports[`CoinList renders correctly 1`] = `
<a
  className="navlink"
  href="/details/bitcoin"
  onClick={[Function]}
>
  <div
    className="homeCard"
  >
    <div>
      Bitcoin
    </div>
  </div>
</a>
`;
