// Jest Snapshot v1, https://goo.gl/fbAQLP

exports[`HomePage renders correctly 1`] = `
Array [
  <h1>
    TOP CURRENCIES
  </h1>,
  <div
    className="list"
  />,
]
`;
